后续流年